// Jest Snapshot v1, https://goo.gl/fbAQLP

exports[`leaderboard will match snapshot 1`] = `
Object {
  "asFragment": [Function],
  "baseElement": <body>
    <div>
      <div>
        <h3
          class="text-center text-3xl py-3"
        >
          Leaderboard
        </h3>
        <div
          class="flex justify-center hidden md:flex"
        >
          <table
            class="table-auto bg-indigo-200 md:w-2/3 xl:w-1/2 2xl:w-1/3 rounded-lg border-separate "
          >
            <thead
              class="h-11 bg-indigo-400 text-white border-md"
            >
              <tr>
                <th>
                  Users
                </th>
                <th>
                  Answered
                </th>
                <th>
                  Created
                </th>
              </tr>
            </thead>
            <tbody>
              <tr>
                <td
                  class="flex flex-col md:flex-row p-6 items-center"
                >
                  <img
                    alt="user-avatar"
                    class="object-contain rounded-full mr-3 w-9 lg:w-20"
                    src="sarah.jpg"
                  />
                  <p>
                    sarahedo
                  </p>
                </td>
                <td
                  class="text-end pr-6"
                >
                  4
                </td>
                <td
                  class="text-end pr-6"
                >
                  2
                </td>
              </tr>
              <tr>
                <td
                  class="flex flex-col md:flex-row p-6 items-center"
                >
                  <img
                    alt="user-avatar"
                    class="object-contain rounded-full mr-3 w-9 lg:w-20"
                    src="mike.jpg"
                  />
                  <p>
                    mtsamis
                  </p>
                </td>
                <td
                  class="text-end pr-6"
                >
                  3
                </td>
                <td
                  class="text-end pr-6"
                >
                  2
                </td>
              </tr>
              <tr>
                <td
                  class="flex flex-col md:flex-row p-6 items-center"
                >
                  <img
                    alt="user-avatar"
                    class="object-contain rounded-full mr-3 w-9 lg:w-20"
                    src="tyler.jpg"
                  />
                  <p>
                    tylermcginnis
                  </p>
                </td>
                <td
                  class="text-end pr-6"
                >
                  2
                </td>
                <td
                  class="text-end pr-6"
                >
                  2
                </td>
              </tr>
              <tr>
                <td
                  class="flex flex-col md:flex-row p-6 items-center"
                >
                  <img
                    alt="user-avatar"
                    class="object-contain rounded-full mr-3 w-9 lg:w-20"
                    src="zenobi.jpg"
                  />
                  <p>
                    zoshikanlu
                  </p>
                </td>
                <td
                  class="text-end pr-6"
                >
                  1
                </td>
                <td
                  class="text-end pr-6"
                >
                  0
                </td>
              </tr>
            </tbody>
          </table>
        </div>
        <div
          class="md:hidden mx-2 my-4 shadow-lg rounded-lg bg-indigo-200 flex flex-col py-2 border-teal-400 border-2"
        >
          <div
            class="flex items-center justify-center p-4"
          >
            <img
              alt="user avatar"
              class="rounded-full w-9"
              src="sarah.jpg"
            />
            <div
              class="mx-2"
            >
              sarahedo
            </div>
          </div>
          <div
            class="flex items-center justify-between p-4"
          >
            <div>
              Answers
            </div>
            <div>
              4
            </div>
          </div>
          <div
            class="flex items-center justify-between p-4 "
          >
            <div>
              Created
            </div>
            <div>
              2
            </div>
          </div>
        </div>
        <div
          class="md:hidden mx-2 my-4 shadow-lg rounded-lg bg-indigo-200 flex flex-col py-2 border-teal-400 border-2"
        >
          <div
            class="flex items-center justify-center p-4"
          >
            <img
              alt="user avatar"
              class="rounded-full w-9"
              src="mike.jpg"
            />
            <div
              class="mx-2"
            >
              mtsamis
            </div>
          </div>
          <div
            class="flex items-center justify-between p-4"
          >
            <div>
              Answers
            </div>
            <div>
              3
            </div>
          </div>
          <div
            class="flex items-center justify-between p-4 "
          >
            <div>
              Created
            </div>
            <div>
              2
            </div>
          </div>
        </div>
        <div
          class="md:hidden mx-2 my-4 shadow-lg rounded-lg bg-indigo-200 flex flex-col py-2 border-teal-400 border-2"
        >
          <div
            class="flex items-center justify-center p-4"
          >
            <img
              alt="user avatar"
              class="rounded-full w-9"
              src="tyler.jpg"
            />
            <div
              class="mx-2"
            >
              tylermcginnis
            </div>
          </div>
          <div
            class="flex items-center justify-between p-4"
          >
            <div>
              Answers
            </div>
            <div>
              2
            </div>
          </div>
          <div
            class="flex items-center justify-between p-4 "
          >
            <div>
              Created
            </div>
            <div>
              2
            </div>
          </div>
        </div>
        <div
          class="md:hidden mx-2 my-4 shadow-lg rounded-lg bg-indigo-200 flex flex-col py-2 border-teal-400 border-2"
        >
          <div
            class="flex items-center justify-center p-4"
          >
            <img
              alt="user avatar"
              class="rounded-full w-9"
              src="zenobi.jpg"
            />
            <div
              class="mx-2"
            >
              zoshikanlu
            </div>
          </div>
          <div
            class="flex items-center justify-between p-4"
          >
            <div>
              Answers
            </div>
            <div>
              1
            </div>
          </div>
          <div
            class="flex items-center justify-between p-4 "
          >
            <div>
              Created
            </div>
            <div>
              0
            </div>
          </div>
        </div>
      </div>
    </div>
  </body>,
  "container": <div>
    <div>
      <h3
        class="text-center text-3xl py-3"
      >
        Leaderboard
      </h3>
      <div
        class="flex justify-center hidden md:flex"
      >
        <table
          class="table-auto bg-indigo-200 md:w-2/3 xl:w-1/2 2xl:w-1/3 rounded-lg border-separate "
        >
          <thead
            class="h-11 bg-indigo-400 text-white border-md"
          >
            <tr>
              <th>
                Users
              </th>
              <th>
                Answered
              </th>
              <th>
                Created
              </th>
            </tr>
          </thead>
          <tbody>
            <tr>
              <td
                class="flex flex-col md:flex-row p-6 items-center"
              >
                <img
                  alt="user-avatar"
                  class="object-contain rounded-full mr-3 w-9 lg:w-20"
                  src="sarah.jpg"
                />
                <p>
                  sarahedo
                </p>
              </td>
              <td
                class="text-end pr-6"
              >
                4
              </td>
              <td
                class="text-end pr-6"
              >
                2
              </td>
            </tr>
            <tr>
              <td
                class="flex flex-col md:flex-row p-6 items-center"
              >
                <img
                  alt="user-avatar"
                  class="object-contain rounded-full mr-3 w-9 lg:w-20"
                  src="mike.jpg"
                />
                <p>
                  mtsamis
                </p>
              </td>
              <td
                class="text-end pr-6"
              >
                3
              </td>
              <td
                class="text-end pr-6"
              >
                2
              </td>
            </tr>
            <tr>
              <td
                class="flex flex-col md:flex-row p-6 items-center"
              >
                <img
                  alt="user-avatar"
                  class="object-contain rounded-full mr-3 w-9 lg:w-20"
                  src="tyler.jpg"
                />
                <p>
                  tylermcginnis
                </p>
              </td>
              <td
                class="text-end pr-6"
              >
                2
              </td>
              <td
                class="text-end pr-6"
              >
                2
              </td>
            </tr>
            <tr>
              <td
                class="flex flex-col md:flex-row p-6 items-center"
              >
                <img
                  alt="user-avatar"
                  class="object-contain rounded-full mr-3 w-9 lg:w-20"
                  src="zenobi.jpg"
                />
                <p>
                  zoshikanlu
                </p>
              </td>
              <td
                class="text-end pr-6"
              >
                1
              </td>
              <td
                class="text-end pr-6"
              >
                0
              </td>
            </tr>
          </tbody>
        </table>
      </div>
      <div
        class="md:hidden mx-2 my-4 shadow-lg rounded-lg bg-indigo-200 flex flex-col py-2 border-teal-400 border-2"
      >
        <div
          class="flex items-center justify-center p-4"
        >
          <img
            alt="user avatar"
            class="rounded-full w-9"
            src="sarah.jpg"
          />
          <div
            class="mx-2"
          >
            sarahedo
          </div>
        </div>
        <div
          class="flex items-center justify-between p-4"
        >
          <div>
            Answers
          </div>
          <div>
            4
          </div>
        </div>
        <div
          class="flex items-center justify-between p-4 "
        >
          <div>
            Created
          </div>
          <div>
            2
          </div>
        </div>
      </div>
      <div
        class="md:hidden mx-2 my-4 shadow-lg rounded-lg bg-indigo-200 flex flex-col py-2 border-teal-400 border-2"
      >
        <div
          class="flex items-center justify-center p-4"
        >
          <img
            alt="user avatar"
            class="rounded-full w-9"
            src="mike.jpg"
          />
          <div
            class="mx-2"
          >
            mtsamis
          </div>
        </div>
        <div
          class="flex items-center justify-between p-4"
        >
          <div>
            Answers
          </div>
          <div>
            3
          </div>
        </div>
        <div
          class="flex items-center justify-between p-4 "
        >
          <div>
            Created
          </div>
          <div>
            2
          </div>
        </div>
      </div>
      <div
        class="md:hidden mx-2 my-4 shadow-lg rounded-lg bg-indigo-200 flex flex-col py-2 border-teal-400 border-2"
      >
        <div
          class="flex items-center justify-center p-4"
        >
          <img
            alt="user avatar"
            class="rounded-full w-9"
            src="tyler.jpg"
          />
          <div
            class="mx-2"
          >
            tylermcginnis
          </div>
        </div>
        <div
          class="flex items-center justify-between p-4"
        >
          <div>
            Answers
          </div>
          <div>
            2
          </div>
        </div>
        <div
          class="flex items-center justify-between p-4 "
        >
          <div>
            Created
          </div>
          <div>
            2
          </div>
        </div>
      </div>
      <div
        class="md:hidden mx-2 my-4 shadow-lg rounded-lg bg-indigo-200 flex flex-col py-2 border-teal-400 border-2"
      >
        <div
          class="flex items-center justify-center p-4"
        >
          <img
            alt="user avatar"
            class="rounded-full w-9"
            src="zenobi.jpg"
          />
          <div
            class="mx-2"
          >
            zoshikanlu
          </div>
        </div>
        <div
          class="flex items-center justify-between p-4"
        >
          <div>
            Answers
          </div>
          <div>
            1
          </div>
        </div>
        <div
          class="flex items-center justify-between p-4 "
        >
          <div>
            Created
          </div>
          <div>
            0
          </div>
        </div>
      </div>
    </div>
  </div>,
  "debug": [Function],
  "findAllByAltText": [Function],
  "findAllByDisplayValue": [Function],
  "findAllByLabelText": [Function],
  "findAllByPlaceholderText": [Function],
  "findAllByRole": [Function],
  "findAllByTestId": [Function],
  "findAllByText": [Function],
  "findAllByTitle": [Function],
  "findByAltText": [Function],
  "findByDisplayValue": [Function],
  "findByLabelText": [Function],
  "findByPlaceholderText": [Function],
  "findByRole": [Function],
  "findByTestId": [Function],
  "findByText": [Function],
  "findByTitle": [Function],
  "getAllByAltText": [Function],
  "getAllByDisplayValue": [Function],
  "getAllByLabelText": [Function],
  "getAllByPlaceholderText": [Function],
  "getAllByRole": [Function],
  "getAllByTestId": [Function],
  "getAllByText": [Function],
  "getAllByTitle": [Function],
  "getByAltText": [Function],
  "getByDisplayValue": [Function],
  "getByLabelText": [Function],
  "getByPlaceholderText": [Function],
  "getByRole": [Function],
  "getByTestId": [Function],
  "getByText": [Function],
  "getByTitle": [Function],
  "queryAllByAltText": [Function],
  "queryAllByDisplayValue": [Function],
  "queryAllByLabelText": [Function],
  "queryAllByPlaceholderText": [Function],
  "queryAllByRole": [Function],
  "queryAllByTestId": [Function],
  "queryAllByText": [Function],
  "queryAllByTitle": [Function],
  "queryByAltText": [Function],
  "queryByDisplayValue": [Function],
  "queryByLabelText": [Function],
  "queryByPlaceholderText": [Function],
  "queryByRole": [Function],
  "queryByTestId": [Function],
  "queryByText": [Function],
  "queryByTitle": [Function],
  "rerender": [Function],
  "unmount": [Function],
}
`;
