// Jest Snapshot v1, https://goo.gl/fbAQLP

exports[`NewPoll will match snapshot 1`] = `
Object {
  "asFragment": [Function],
  "baseElement": <body>
    <div>
      <div
        class="flex justify-center"
      >
        <div
          class=" flex flex-col w-full 2xl:w-1/3 md:w-2/3 p-4"
        >
          <p
            class="text-center text-lg py-3 text-gray-500"
          >
            Create a New Poll
          </p>
          <p
            class="text-center text-3xl py-3"
          >
            Would you Rather
          </p>
          <input
            class="my-2 rounded-md p-2"
            placeholder="Option One"
          />
          <input
            class="my-2 rounded-md p-2"
            placeholder="Option Two"
          />
          <button
            class="drop-shadow-md border-solid bg-indigo-500 hover:bg-indigo-700 py-2 px-3 my-2 rounded-full text-white text-center capitalize disabled:bg-slate-50 disabled:text-slate-500 disabled:border-slate-200 disabled:shadow-none "
            type="button"
          >
            Save
          </button>
        </div>
      </div>
    </div>
  </body>,
  "container": <div>
    <div
      class="flex justify-center"
    >
      <div
        class=" flex flex-col w-full 2xl:w-1/3 md:w-2/3 p-4"
      >
        <p
          class="text-center text-lg py-3 text-gray-500"
        >
          Create a New Poll
        </p>
        <p
          class="text-center text-3xl py-3"
        >
          Would you Rather
        </p>
        <input
          class="my-2 rounded-md p-2"
          placeholder="Option One"
        />
        <input
          class="my-2 rounded-md p-2"
          placeholder="Option Two"
        />
        <button
          class="drop-shadow-md border-solid bg-indigo-500 hover:bg-indigo-700 py-2 px-3 my-2 rounded-full text-white text-center capitalize disabled:bg-slate-50 disabled:text-slate-500 disabled:border-slate-200 disabled:shadow-none "
          type="button"
        >
          Save
        </button>
      </div>
    </div>
  </div>,
  "debug": [Function],
  "findAllByAltText": [Function],
  "findAllByDisplayValue": [Function],
  "findAllByLabelText": [Function],
  "findAllByPlaceholderText": [Function],
  "findAllByRole": [Function],
  "findAllByTestId": [Function],
  "findAllByText": [Function],
  "findAllByTitle": [Function],
  "findByAltText": [Function],
  "findByDisplayValue": [Function],
  "findByLabelText": [Function],
  "findByPlaceholderText": [Function],
  "findByRole": [Function],
  "findByTestId": [Function],
  "findByText": [Function],
  "findByTitle": [Function],
  "getAllByAltText": [Function],
  "getAllByDisplayValue": [Function],
  "getAllByLabelText": [Function],
  "getAllByPlaceholderText": [Function],
  "getAllByRole": [Function],
  "getAllByTestId": [Function],
  "getAllByText": [Function],
  "getAllByTitle": [Function],
  "getByAltText": [Function],
  "getByDisplayValue": [Function],
  "getByLabelText": [Function],
  "getByPlaceholderText": [Function],
  "getByRole": [Function],
  "getByTestId": [Function],
  "getByText": [Function],
  "getByTitle": [Function],
  "queryAllByAltText": [Function],
  "queryAllByDisplayValue": [Function],
  "queryAllByLabelText": [Function],
  "queryAllByPlaceholderText": [Function],
  "queryAllByRole": [Function],
  "queryAllByTestId": [Function],
  "queryAllByText": [Function],
  "queryAllByTitle": [Function],
  "queryByAltText": [Function],
  "queryByDisplayValue": [Function],
  "queryByLabelText": [Function],
  "queryByPlaceholderText": [Function],
  "queryByRole": [Function],
  "queryByTestId": [Function],
  "queryByText": [Function],
  "queryByTitle": [Function],
  "rerender": [Function],
  "unmount": [Function],
}
`;
